// Jest Snapshot v1, https://goo.gl/fbAQLP

exports[`<TodoList /> should match to snapshot when render default 1`] = `
<section
  className="main"
>
  <ul
    className="todo-list"
  >
    <TodoListItem
      item={
        Object {
          "id": "mock-id",
          "status": "mock-status",
          "value": "mock-value",
        }
      }
      key="mock-id"
      onDeleteListItem={[Function]}
      onEditListItemValue={[Function]}
      onEditToggleListItem={[Function]}
      onToggleListItem={[Function]}
    />
  </ul>
</section>
`;
